# Deployment for Ubuntu 18.04 LTS on VirtualBox (Adapter 1 : NAT, Adapter 2 : Host-only Adaptater (vboxnet0 (ipv4 : 192.168.56.1, mask : 255.255.255.252)))
# User : arsciand
# Password : 1319
# Static IP : 192.168.56.2
# mini.iso : http://archive.ubuntu.com/ubuntu/dists/bionic/main/installer-amd64/current/images/netboot/mini.iso

/*
**	Initialisation
*/

* Update
$ sudo apt update && sudo apt -y upgrade

* Initialisation of static IP via netplan
$ sudo rm /etc/netplan/01-netcfg.yaml
$ sudo vi /etc/netplan/01-netcfg.yaml

>>>>
# This file describes the network interfaces available on your system
# For more information, see netplan(5).
network:
		version: 2
		renderer: networkd
		ethernets:
				enp0s3:
						addresses: []
						dhcp4: yes
				enp0s8:
						addresses: [192.168.56.2/30]
						dhcp4: no
						dhcp6: no
						nameservers:
								addresses: [1.1.1.1,1.0.0.1]
====

$ sudo netplan apply

/*
**	Setup OpenSSH
*/

$ sudo apt install -y openssh-server

* Add id_rsa.pub to authorized_keys on server
[host] $ ssh-copy-id ~/.ssh/id_rsa.pub -i arsciand@192.168.56.2 #add user password

* Modify /etc/ssh/sshd_config
>>>>
...
- #Port 22
+ Port 2222
...
- #PermitRootLogin prohibit-password
+ PermitRootLogin no
...
- #PasswordAuthentification yes
+ PasswordAuthentification no
====

$ sudo service ssh restart

/*
** Installation of netdata (Web System Monitor)
*/

* Installation of dependency
$ sudo apt install -y curl

* Cloning repo of netdata
$ bash <(curl -Ss https://my-netdata.io/kickstart.sh) --dont-wait

* Modify ram usage of netdata on /etc/netdata/netdata.conf
>>>>
...
[global]
...
- # history 3996
+ history 3600
====

* Optimisation of Netdata memory usage -> creation of /etc/rc.local
$ sudo vi /etc/rc.local
>>>>
#!/bin/sh -e
#
# rc.local
#
# This script is executed at the end of each multiuser runlevel.
# Make sure that the script will "exit 0" on success or any other
# value on error.
#
# In order to enable or disable this script just change the execution
# bits.
#
# By default this script does nothing.

echo 1 > /sys/kernel/mm/ksm/run
echo 1000 > /sys/kernel/mm/ksm/sleep_millisecs

exit 0
====
$ sudo chmod +x /etc/rc.local
$ sudo service netdata restart

/*
**	Set-up Nginx & Vhost for Netdata
*/

$ sudo apt install -y nginx

* Secure Nginx on /etc/nginx/nginx.conf
>>>>
...
- # server_tokens off;
+ server_token off;
...
default_type application/octet-stream;
+ limit_req_zone $binary_remote_addr zone=one:1m rate=20r/s;
...
====

* Creation of logs directory
$ mkdir ~/logs

* Creation of self-encrypted SSL key and certificate
$ sudo openssl req -x509 -nodes -days 365 -newkey rsa:4096 -subj /C=FR/ST=75/L=Paris/O=rs1/OU=rs1/CN=192.168.56.2/emailAddress=arsciand@student.42.fr -keyout /etc/ssl/private/selfsigned.key -out /etc/ssl/certs/selfsigned.crt

* Creation of Diffie-Hellman group
$ sudo mkdir /etc/ssl/dhparam
$ sudo openssl dhparam -dsaparam -out /etc/ssl/dhparam/dhparam.pem 4096

* Creation of Vhost for Netdata
$ sudo vi /etc/nginx/sites-available/netdata.conf
>>>>
###|NETDATA.CONF|###

	##Redirection

upstream backend {
	server 127.0.0.1:19999;
	keepalive 64;
}

server {
	listen 80;
	server_name 192.168.56.2;
	return 301 https://$server_name$request_uri;
}

	##BLOC

server {
	listen 443 ssl http2;
	listen [::]:443 ssl http2;
	server_name  192.168.56.2;

	access_log  /home/arsciand/logs/netdata_acces.log;
	error_log /home/arsciand/logs/netdata_error.log error;

	#SSL

	ssl on;
	ssl_certificate	/etc/ssl/certs/selfsigned.crt;
	ssl_certificate_key /etc/ssl/private/selfsigned.key;
	ssl_dhparam /etc/ssl/dhparam/dhparam.pem;
	ssl_protocols TLSv1.2;
	ssl_prefer_server_ciphers on;
	ssl_ciphers "ECDHE-RSA-AES256-GCM-SHA512:DHE-RSA-AES256-GCM-SHA512:ECDHE-RSA-AES256-GCM-SHA384:DHE-RSA-AES256-GCM-SHA384:ECDHE-RSA-AES256-SHA384";
	ssl_ecdh_curve secp384r1;
	ssl_session_cache shared:SSL:100m;
	ssl_session_timeout  24h;
	ssl_stapling on;
	ssl_stapling_verify on;

	resolver 8.8.8.8 8.8.4.4 208.67.222.222 208.67.220.220 216.146.35.35 216.146.36.36 valid=300s;
	resolver_timeout 5s;

	add_header Strict-Transport-Security "max-age=31536000; includeSubDomains" always;
	add_header Expect-CT "max-age=0";
	add_header X-Frame-Options DENY;
	add_header X-XSS-Protection "1; mode=block";
	add_header X-Content-Type-Options nosniff;
	add_header X-Robots-Tag none;

	#BODY

	location / {
		limit_req zone=one burst=20 nodelay;
		proxy_set_header X-Forwarded-Host $host;
		proxy_set_header X-Forwarded-Server $host;
		proxy_set_header X-Forwarded-For $proxy_add_x_forwarded_for;
		proxy_pass http://backend;
		proxy_http_version 1.1;
		proxy_pass_request_headers on;
		proxy_set_header Connection "keep-alive";
		proxy_store off;
	}

	location ~ /\. {
		deny all;
		access_log off;
		log_not_found off;
	}

	location ~ /\.well-known/acme-challenge {
		allow all;
	}
}
====
# Note some rules in this .conf may look overkill, but they are all necessary to obtain an A+ (Highest rate) rate on ssllabs.com

$ sudo ln -s /etc/nginx/sites-available/netdata.conf /etc/nginx/sites-enabled/netdata.conf
$ sudo nginx -t
#If everything Ok, you should only get this warning : nginx: [warn] "ssl_stapling" ignored, issuer certificate not found for certificate "/etc/ssl/certs/selfsigned.crt"
#This happening if the certificate is not bundle properly with a registred CA.
$ sudo service nginx restart

# Navigate to http://192.168.56.2, you should get a warning on your browser for not trusted certificate. This is normal. You can see that the url is now under https://192.168.56.2.


/*
**		Configuration of Postfix
*/

$ sudo debconf-set-selections <<< "postfix postfix/main_mailer_type string 'No Configuration'"
$ sudo debconf-set-selections <<< "postfix postfix/mailname string rs1"
$ sudo apt install -y postfix mailutils

* Configuration file in /etc/postfix/main.cf
>>>>
# See /usr/share/postfix/main.cf.dist for a commented, more complete version


# Debian specific:  Specifying a file name will cause the first
# line of that file to be used as the name.  The Debian default
# is /etc/mailname.
#myorigin = /etc/mailname

smtpd_banner = $myhostname ESMTP $mail_name (Ubuntu)
biff = no

# appending .domain is the MUA's job.
append_dot_mydomain = no

# Uncomment the next line to generate "delayed mail" warnings
#delay_warning_time = 4h

readme_directory = no

# See http://www.postfix.org/COMPATIBILITY_README.html -- default to 2 on
# fresh installs.
compatibility_level = 2

# TLS parameters
smtpd_tls_cert_file=/etc/ssl/certs/ssl-cert-snakeoil.pem
smtpd_tls_key_file=/etc/ssl/private/ssl-cert-snakeoil.key
smtpd_use_tls=yes
smtpd_tls_session_cache_database = btree:${data_directory}/smtpd_scache
smtp_tls_session_cache_database = btree:${data_directory}/smtp_scache

# See /usr/share/doc/postfix/TLS_README.gz in the postfix-doc package for
# information on enabling SSL in the smtp client.

smtpd_relay_restrictions = permit_mynetworks permit_sasl_authenticated defer_unauth_destination
myhostname = rs1.42.fr
alias_maps = hash:/etc/aliases
alias_database = hash:/etc/aliases
mydestination = $myhostname, rs1, localhost.localdomain, , localhost
relayhost =
mynetworks = 127.0.0.0/8 [::ffff:127.0.0.0]/104 [::1]/128
mailbox_size_limit = 0
recipient_delimiter = +
inet_interfaces = all
inet_protocols = ipv4
home_mailbox = Maildir/
virtual_alias_maps = hash:/etc/postfix/virtual
====

* Creating alias in /etc/postfix/virtual
>>>>
root@rs1 root
====

* Generating database
$ sudo postmap /etc/postfix/virtual

* Update env
$ echo 'export MAIL=~/Maildir' | sudo tee -a /etc/bash.bashrc | sudo tee -a /etc/profile.d/mail.sh
$ source /etc/profile.d/mail.sh

$ sudo service postfix restart

/*
**		Configuration of the Firewall (ufw)
*/

* Disable ipv6 in /etc/default/ufw
>>>>
- IPV6=yes
+ IPV6=no
====

$ sudo ufw enable
$ sudo ufw default deny incoming
$ sudo ufw default allow outgoing
$ sudo ufw allow 2222/tcp
$ sudo ufw allow 443/tcp
$ sudo ufw allow Postfix
$ sudo ufw logging low
$ sudo ufw reload

/*
**		Configuration of Fail2ban (DOS & Port Scan protection)
*/

$ sudo apt install fail2ban -y

* Use custom jail.local instead of jail.conf in /etc/fail2ban/
>>>>
[DEFAULT]

destmail = root@rs1
sender = root@rs1
mta = sendmail

action = %(action_mwl)s

[sshd]
enabled = true
port = 2222
filter = sshd
bantime = 1m
findtime = 1m
maxretry = 3

[portscan]
enabled  = true
filter   = portscan
logpath  = /var/log/syslog
bantime = 1m
findtime = 1m
maxretry = 1

[nginx-dos]
enabled = true
filter = nginx-dos
action = iptables-multiport[name=ReqLimit, port="http,https", protocol=tcp]
logpath = /home/arsciand/logs/netdata_error.log
bantime = 10s
findtime = 1m
maxretry = 1
====

* Add DOS protection in /etc/fail2ban/filter.d/nginx-dos.conf
>>>>
[Definition]
failregex = limiting requests, excess:.* by zone.*client: <HOST>
ignoreregex =
====

* Add port scan protection /etc/fail2ban/filter.d/portscan.conf
>>>>
[Definition]
failregex = UFW BLOCK.* SRC=<HOST>
ignoreregex =
====

$ sudo service fail2ban restart

/*
**	Configuration of update_script && notif_script
*/

* Create update_script.sh
>>>>
#!/bin/bash
date |& tee -a /var/log/update_script.log && \
	apt-get update |& tee -a /var/log/update_script.log && \
	apt-get upgrade |& tee -a /var/log/update_script.log && \
	echo -e "\n" |& tee -a /var/log/update_script.log
====

* Create notif_script.sh
>>>>
#!/bin/bash
[[ -z `find /etc/crontab -mmin -1440` ]]
if [ $? -eq 0 ]
then
	echo "/etc/crontab has not been modified since last check" | mailx -s 'Notification for /etc/crontab' root@rs1
else
	echo "/etc/crontab has been modified since last check" | mailx -s 'Notification for /etc/crontab' root@rs1
fi
====

$ chmod +x update_script.sh
$ chmod +x notif_script.sh


* Modify crontab for root in /var/spool/cron/crontabs/root
>>>>
...
# m h  dom mon dow   command
+ 0 4 * * 1 /home/arsciand/update_script.sh
+ @reboot /home/arsciand/update_script.sh
+ 0 0 * * * /home/arsciand/notif_script.sh
====

# Notifications mails will be sent to /root/Maildir/new/ sended by Postfix

/*
**	Creating a partition of 4.2 GB mounted in /tmp/rs1-partition
*/

# You must have configured a partition with VirtualBox of 8GB and during installation only a 3GB partition for / and 1 GB for [SWAP]

$ sudo parted -a optimal /dev/sda mkpart primary ext4 4000 8200
$ sudo mkfs.ext4 /dev/sda3
$ sudo mount /dev/sda3 /tmp/rs1-partition
